
   FAIL  Tests\Feature\CommentTest
  Γ£ô authenticated user can comment on post            0.82s  
  Γ£ô empty comment is rejected                         0.05s  
  Γ£ô user can comment via ajax                         0.05s  
  Γ£ô user can delete own comment                       0.04s  
  Γ¿» user cannot delete others comment                 0.07s  
  Γ¿» admin can delete any comment                      0.04s  
  ΓöÇΓöÇΓöÇΓöÇΓöÇΓöÇΓöÇΓöÇΓöÇΓöÇΓöÇΓöÇΓöÇΓöÇΓöÇΓöÇΓöÇΓöÇΓöÇΓöÇΓöÇΓöÇΓöÇΓöÇΓöÇΓöÇΓöÇΓöÇΓöÇΓöÇΓöÇΓöÇΓöÇΓöÇΓöÇΓöÇΓöÇΓöÇΓöÇΓöÇΓöÇΓöÇΓöÇΓöÇΓöÇΓöÇΓöÇΓöÇΓöÇΓöÇΓöÇΓöÇΓöÇΓöÇΓöÇΓöÇΓöÇ  
   FAILED  Tests\Feature\CommentTest > user cannot deleteΓÇª   
  Expected response status code [403] but received 302.
Failed asserting that 302 is identical to 403.

  at tests\Feature\CommentTest.php:125
    121Γûò         ]);
    122Γûò 
    123Γûò         $response = $this->actingAs($user2)->delete(route('comments.destroy', $comment));
    124Γûò 
  Γ₧£ 125Γûò         $response->assertStatus(403);
    126Γûò         $this->assertDatabaseHas('comments', ['id' => $comment->id]);
    127Γûò     }
    128Γûò 
    129Γûò     public function test_admin_can_delete_any_comment(): void

  ΓöÇΓöÇΓöÇΓöÇΓöÇΓöÇΓöÇΓöÇΓöÇΓöÇΓöÇΓöÇΓöÇΓöÇΓöÇΓöÇΓöÇΓöÇΓöÇΓöÇΓöÇΓöÇΓöÇΓöÇΓöÇΓöÇΓöÇΓöÇΓöÇΓöÇΓöÇΓöÇΓöÇΓöÇΓöÇΓöÇΓöÇΓöÇΓöÇΓöÇΓöÇΓöÇΓöÇΓöÇΓöÇΓöÇΓöÇΓöÇΓöÇΓöÇΓöÇΓöÇΓöÇΓöÇΓöÇΓöÇΓöÇ  
   FAILED  Tests\Feature\CommentTest > admin can delete aΓÇª   
  Failed asserting that a row in the table [comments] does not match the attributes {
    "id": 1
}.

Found similar results: [
    {
        "id": 1
    }
].

  at tests\Feature\CommentTest.php:150
    146Γûò 
    147Γûò         $response = $this->actingAs($admin)->delete(route('comments.destroy', $comment));
    148Γûò 
    149Γûò         $response->assertRedirect();
  Γ₧£ 150Γûò         $this->assertDatabaseMissing('comments', ['id' => $comment->id]);
    151Γûò     }
    152Γûò }
    153Γûò


  Tests:    2 failed, 4 passed (14 assertions)
  Duration: 1.38s

